
> saas-factory-app@0.2.0 build
> next build

Ôû▓ Next.js 16.1.6 (Turbopack)
- Environments: .env.local

node.exe : ÔÜá The "middleware" file convention is deprecated. Please use "proxy" instead. Learn more: 
https://nextjs.org/docs/messages/middleware-to-proxy
En línea: 1 Carácter: 1
+ & "C:\Program Files\nodejs/node.exe" "C:\Program Files\nodejs/node_mo ...
+ ~~~~~~~~~~~~~~~~~~~~~~~~~~~~~~~~~~~~~~~~~~~~~~~~~~~~~~~~~~~~~~~~~~~~~
    + CategoryInfo          : NotSpecified: (ÔÜá The "middle...leware-to-proxy:String) [], RemoteException
    + FullyQualifiedErrorId : NativeCommandError
 
  Creating an optimized production build ...

> Build error occurred
Error: Turbopack build failed with 4 errors:
./src/app/(main)/dashboard/branches/page.tsx:675:28
Parsing ecmascript source code failed
[0m [90m 673 |[39m                                     [33m<[39m[33m/[39m[33mdiv[39m[33m>[39m
 [90m 674 |[39m                                 [33m<[39m[33m/[39m[33mdiv[39m[33m>[39m
[31m[1m>[22m[39m[90m 675 |[39m                             ) [33m:[39m (
 [90m     |[39m                            [31m[1m^[22m[39m
 [90m 676 |[39m                                 [33m<[39m[33mdiv[39m 
className[33m=[39m[32m"space-y-6"[39m[33m>[39m
 [90m 677 |[39m                                      [33m<[39m[33mdiv[39m 
className[33m=[39m[32m"bg-orange-500 rounded-[2rem] p-8 text-white relative overflow-hidden"[39m[33m>[39m
 [90m 678 |[39m                                         [33m<[39m[33mdiv[39m className[33m=[39m[32m"absolute 
top-0 right-0 p-8 opacity-10 rotate-12"[39m[33m>[39m[0m

Expected '</', got ':'


./src/features/dashboard/services/marketingService.ts:1:1
Export supabase doesn't exist in target module
[0m[31m[1m>[22m[39m[90m 1 |[39m [36mimport[39m { supabase } [36mfrom[39m 
[32m'@/lib/supabase/client'[39m[33m;[39m
 [90m   |[39m [31m[1m^[22m[39m[31m[1m^[22m[39m[31m[1m^[22m[39m[31m[1m^[22m[39m[31m[1m^[22m[39m[3
1m[1m^[22m[39m[31m[1m^[22m[39m[31m[1m^[22m[39m[31m[1m^[22m[39m[31m[1m^[22m[39m[31m[1m^[22m[39m[
31m[1m^[22m[39m[31m[1m^[22m[39m[31m[1m^[22m[39m[31m[1m^[22m[39m[31m[1m^[22m[39m[31m[1m^[22m[39m
[31m[1m^[22m[39m[31m[1m^[22m[39m[31m[1m^[22m[39m[31m[1m^[22m[39m[31m[1m^[22m[39m[31m[1m^[22m[39m
[31m[1m^[22m[39m[31m[1m^[22m[39m[31m[1m^[22m[39m[31m[1m^[22m[39m[31m[1m^[22m[39m[31m[1m^[22m[39
m[31m[1m^[22m[39m[31m[1m^[22m[39m[31m[1m^[22m[39m[31m[1m^[22m[39m[31m[1m^[22m[39m[31m[1m^[22m[3
9m[31m[1m^[22m[39m[31m[1m^[22m[39m[31m[1m^[22m[39m[31m[1m^[22m[39m[31m[1m^[22m[39m[31m[1m^[22m[
39m[31m[1m^[22m[39m[31m[1m^[22m[39m[31m[1m^[22m[39m[31m[1m^[22m[39m[31m[1m^[22m[39m[31m[1m^[22m
[39m[31m[1m^[22m[39m[31m[1m^[22m[39m
 [90m 2 |[39m
 [90m 3 |[39m [90m/**[39m
 [90m 4 |[39m [90m * Servicio para la gesti├│n de campa├▒as de marketing, promociones y redenciones[39m[0m

The export supabase was not found in module [project]/src/lib/supabase/client.ts [app-client] (ecmascript).
Did you mean to import createClient?
All exports of the module are statically known (It doesn't have dynamic exports). So it's known statically that the 
requested export doesn't exist.

Import traces:
  App Route:
    ./src/features/dashboard/services/marketingService.ts
    ./src/app/api/marketing/claim/route.ts

  Client Component Browser:
    ./src/features/dashboard/services/marketingService.ts [Client Component Browser]
    ./src/app/(main)/dashboard/marketing/page.tsx [Client Component Browser]
    ./src/app/(main)/dashboard/marketing/page.tsx [Server Component]

  Client Component SSR:
    ./src/features/dashboard/services/marketingService.ts [Client Component SSR]
    ./src/app/(main)/dashboard/marketing/page.tsx [Client Component SSR]
    ./src/app/(main)/dashboard/marketing/page.tsx [Server Component]


./src/features/dashboard/services/marketingService.ts:1:1
Export supabase doesn't exist in target module
[0m[31m[1m>[22m[39m[90m 1 |[39m [36mimport[39m { supabase } [36mfrom[39m 
[32m'@/lib/supabase/client'[39m[33m;[39m
 [90m   |[39m [31m[1m^[22m[39m[31m[1m^[22m[39m[31m[1m^[22m[39m[31m[1m^[22m[39m[31m[1m^[22m[39m[3
1m[1m^[22m[39m[31m[1m^[22m[39m[31m[1m^[22m[39m[31m[1m^[22m[39m[31m[1m^[22m[39m[31m[1m^[22m[39m[
31m[1m^[22m[39m[31m[1m^[22m[39m[31m[1m^[22m[39m[31m[1m^[22m[39m[31m[1m^[22m[39m[31m[1m^[22m[39m
[31m[1m^[22m[39m[31m[1m^[22m[39m[31m[1m^[22m[39m[31m[1m^[22m[39m[31m[1m^[22m[39m[31m[1m^[22m[39m
[31m[1m^[22m[39m[31m[1m^[22m[39m[31m[1m^[22m[39m[31m[1m^[22m[39m[31m[1m^[22m[39m[31m[1m^[22m[39
m[31m[1m^[22m[39m[31m[1m^[22m[39m[31m[1m^[22m[39m[31m[1m^[22m[39m[31m[1m^[22m[39m[31m[1m^[22m[3
9m[31m[1m^[22m[39m[31m[1m^[22m[39m[31m[1m^[22m[39m[31m[1m^[22m[39m[31m[1m^[22m[39m[31m[1m^[22m[
39m[31m[1m^[22m[39m[31m[1m^[22m[39m[31m[1m^[22m[39m[31m[1m^[22m[39m[31m[1m^[22m[39m[31m[1m^[22m
[39m[31m[1m^[22m[39m[31m[1m^[22m[39m
 [90m 2 |[39m
 [90m 3 |[39m [90m/**[39m
 [90m 4 |[39m [90m * Servicio para la gesti├│n de campa├▒as de marketing, promociones y redenciones[39m[0m

The export supabase was not found in module [project]/src/lib/supabase/client.ts [app-route] (ecmascript).
Did you mean to import createClient?
All exports of the module are statically known (It doesn't have dynamic exports). So it's known statically that the 
requested export doesn't exist.

Import traces:
  App Route:
    ./src/features/dashboard/services/marketingService.ts
    ./src/app/api/marketing/claim/route.ts

  Client Component Browser:
    ./src/features/dashboard/services/marketingService.ts [Client Component Browser]
    ./src/app/(main)/dashboard/marketing/page.tsx [Client Component Browser]
    ./src/app/(main)/dashboard/marketing/page.tsx [Server Component]

  Client Component SSR:
    ./src/features/dashboard/services/marketingService.ts [Client Component SSR]
    ./src/app/(main)/dashboard/marketing/page.tsx [Client Component SSR]
    ./src/app/(main)/dashboard/marketing/page.tsx [Server Component]


./src/features/dashboard/services/marketingService.ts:1:1
Export supabase doesn't exist in target module
[0m[31m[1m>[22m[39m[90m 1 |[39m [36mimport[39m { supabase } [36mfrom[39m 
[32m'@/lib/supabase/client'[39m[33m;[39m
 [90m   |[39m [31m[1m^[22m[39m[31m[1m^[22m[39m[31m[1m^[22m[39m[31m[1m^[22m[39m[31m[1m^[22m[39m[3
1m[1m^[22m[39m[31m[1m^[22m[39m[31m[1m^[22m[39m[31m[1m^[22m[39m[31m[1m^[22m[39m[31m[1m^[22m[39m[
31m[1m^[22m[39m[31m[1m^[22m[39m[31m[1m^[22m[39m[31m[1m^[22m[39m[31m[1m^[22m[39m[31m[1m^[22m[39m
[31m[1m^[22m[39m[31m[1m^[22m[39m[31m[1m^[22m[39m[31m[1m^[22m[39m[31m[1m^[22m[39m[31m[1m^[22m[39m
[31m[1m^[22m[39m[31m[1m^[22m[39m[31m[1m^[22m[39m[31m[1m^[22m[39m[31m[1m^[22m[39m[31m[1m^[22m[39
m[31m[1m^[22m[39m[31m[1m^[22m[39m[31m[1m^[22m[39m[31m[1m^[22m[39m[31m[1m^[22m[39m[31m[1m^[22m[3
9m[31m[1m^[22m[39m[31m[1m^[22m[39m[31m[1m^[22m[39m[31m[1m^[22m[39m[31m[1m^[22m[39m[31m[1m^[22m[
39m[31m[1m^[22m[39m[31m[1m^[22m[39m[31m[1m^[22m[39m[31m[1m^[22m[39m[31m[1m^[22m[39m[31m[1m^[22m
[39m[31m[1m^[22m[39m[31m[1m^[22m[39m
 [90m 2 |[39m
 [90m 3 |[39m [90m/**[39m
 [90m 4 |[39m [90m * Servicio para la gesti├│n de campa├▒as de marketing, promociones y redenciones[39m[0m

The export supabase was not found in module [project]/src/lib/supabase/client.ts [app-ssr] (ecmascript).
Did you mean to import createClient?
All exports of the module are statically known (It doesn't have dynamic exports). So it's known statically that the 
requested export doesn't exist.

Import traces:
  App Route:
    ./src/features/dashboard/services/marketingService.ts
    ./src/app/api/marketing/claim/route.ts

  Client Component Browser:
    ./src/features/dashboard/services/marketingService.ts [Client Component Browser]
    ./src/app/(main)/dashboard/marketing/page.tsx [Client Component Browser]
    ./src/app/(main)/dashboard/marketing/page.tsx [Server Component]

  Client Component SSR:
    ./src/features/dashboard/services/marketingService.ts [Client Component SSR]
    ./src/app/(main)/dashboard/marketing/page.tsx [Client Component SSR]
    ./src/app/(main)/dashboard/marketing/page.tsx [Server Component]


    at <unknown> (./src/app/(main)/dashboard/branches/page.tsx:675:28)
    at <unknown> (./src/features/dashboard/services/marketingService.ts:1:1)
    at <unknown> (./src/features/dashboard/services/marketingService.ts:1:1)
    at <unknown> (./src/features/dashboard/services/marketingService.ts:1:1)
