
> saas-factory-app@0.2.0 build
> next build

Ôû▓ Next.js 16.1.6 (Turbopack)
- Environments: .env.local

node.exe : ÔÜá The "middleware" file convention is 
deprecated. Please use "proxy" instead. Learn more: 
https://nextjs.org/docs/messages/middleware-to-proxy
En línea: 1 Carácter: 1
+ & "C:\Program Files\nodejs/node.exe" "C:\Program 
Files\nodejs/node_mo ...
+ ~~~~~~~~~~~~~~~~~~~~~~~~~~~~~~~~~~~~~~~~~~~~~~~~~~
~~~~~~~~~~~~~~~~~~~
    + CategoryInfo          : NotSpecified: (ÔÜá Th 
   e "middle...leware-to-proxy:String) [], RemoteE  
  xception
    + FullyQualifiedErrorId : NativeCommandError
 
  Creating an optimized production build ...
Ô£ô Compiled successfully in 16.1s
  Running TypeScript ...
  Collecting page data using 7 workers ...
  Generating static pages using 7 workers (0/26) ...
  Generating static pages using 7 workers (6/26) 
  Generating static pages using 7 workers (12/26) 
  Generating static pages using 7 workers (19/26) 
SastrePro SaaS V2.0 Loaded
Ô£ô Generating static pages using 7 workers (26/26) in 1122.0ms
  Finalizing page optimization ...

Route (app)
Ôöî Ôùï /
Ôö£ Ôùï /_not-found
Ôö£ Ôùï /admin
Ôö£ Ôùï /admin/owners
Ôö£ Ôùï /admin/settings
Ôö£ Ôùï /admin/whatsapp
Ôö£ ãÆ /api/chat/media/[mediaId]
Ôö£ ãÆ /api/chat/send-message
Ôö£ ãÆ /api/webhooks/whatsapp
Ôö£ Ôùï /dashboard
Ôö£ Ôùï /dashboard/billing
Ôö£ Ôùï /dashboard/branches
Ôö£ Ôùï /dashboard/clients
Ôö£ ãÆ /dashboard/finance
Ôö£ Ôùï /dashboard/ingestion
Ôö£ Ôùï /dashboard/intelligence
Ôö£ Ôùï /dashboard/managers
Ôö£ Ôùï /dashboard/marketing
Ôö£ Ôùï /dashboard/mensajes
Ôö£ Ôùï /dashboard/mensajes/analytics
Ôö£ Ôùï /dashboard/messages
Ôö£ Ôùï /dashboard/notas
Ôö£ Ôùï /dashboard/settings
Ôö£ Ôùï /dashboard/settings/catalog
Ôö£ Ôùï /login
Ôöö Ôùï /privacy-policy


ãÆ Proxy (Middleware)

Ôùï  (Static)   prerendered as static content
ãÆ  (Dynamic)  server-rendered on demand

